This is pdfTeX, Version 3.141592653-2.6-1.40.24 (TeX Live 2022) (preloaded format=pdflatex 2022.5.28)  13 JUL 2026 21:45
entering extended mode
 restricted \write18 enabled.
 file:line:error style messages enabled.
 %&-line parsing enabled.
**1907.11679v2.pdf
(./1907.11679v2.pdf
LaTeX2e <2021-11-15> patch level 1
L3 programming layer <2022-02-24>

./1907.11679v2.pdf:3: LaTeX Error: Missing \begin{document}.

See the LaTeX manual or LaTeX Companion for explanation.
Type  H <return>  for immediate help.
 ...                                              
                                                  
l.3 4
     1 0 obj
You're in trouble here.  Try typing  <return>  to proceed.
If that doesn't work, type  X <return>  to quit.

Missing character: There is no 4 in font nullfont!
Missing character: There is no 1 in font nullfont!
Missing character: There is no 0 in font nullfont!
Missing character: There is no o in font nullfont!
Missing character: There is no b in font nullfont!
Missing character: There is no j in font nullfont!
Missing character: There is no < in font nullfont!
Missing character: There is no < in font nullfont!
Missing character: There is no / in font nullfont!
Missing character: There is no T in font nullfont!
Missing character: There is no y in font nullfont!
Missing character: There is no p in font nullfont!
Missing character: There is no e in font nullfont!
Missing character: There is no / in font nullfont!
Missing character: There is no X in font nullfont!
Missing character: There is no O in font nullfont!
Missing character: There is no b in font nullfont!
Missing character: There is no j in font nullfont!
Missing character: There is no e in font nullfont!
Missing character: There is no c in font nullfont!
Missing character: There is no t in font nullfont!
Missing character: There is no / in font nullfont!
Missing character: There is no S in font nullfont!
Missing character: There is no u in font nullfont!
Missing character: There is no b in font nullfont!
Missing character: There is no t in font nullfont!
Missing character: There is no y in font nullfont!
Missing character: There is no p in font nullfont!
Missing character: There is no e in font nullfont!
Missing character: There is no / in font nullfont!
Missing character: There is no F in font nullfont!
Missing character: There is no o in font nullfont!
Missing character: There is no r in font nullfont!
Missing character: There is no m in font nullfont!
Missing character: There is no / in font nullfont!
Missing character: There is no B in font nullfont!
Missing character: There is no B in font nullfont!
Missing character: There is no o in font nullfont!
Missing character: There is no x in font nullfont!
Missing character: There is no [ in font nullfont!
Missing character: There is no 0 in font nullfont!
Missing character: There is no 0 in font nullfont!
Missing character: There is no 1 in font nullfont!
Missing character: There is no 0 in font nullfont!
Missing character: There is no 0 in font nullfont!
Missing character: There is no 0 in font nullfont!
Missing character: There is no 4 in font nullfont!
Missing character: There is no 2 in font nullfont!
Missing character: There is no 2 in font nullfont!
Missing character: There is no ] in font nullfont!
Missing character: There is no / in font nullfont!
Missing character: There is no F in font nullfont!
Missing character: There is no i in font nullfont!
Missing character: There is no l in font nullfont!
Missing character: There is no t in font nullfont!
Missing character: There is no e in font nullfont!
Missing character: There is no r in font nullfont!
Missing character: There is no / in font nullfont!
Missing character: There is no F in font nullfont!
Missing character: There is no l in font nullfont!
Missing character: There is no a in font nullfont!
Missing character: There is no t in font nullfont!
Missing character: There is no e in font nullfont!
Missing character: There is no D in font nullfont!
Missing character: There is no e in font nullfont!
Missing character: There is no c in font nullfont!
Missing character: There is no o in font nullfont!
Missing character: There is no d in font nullfont!
Missing character: There is no e in font nullfont!
Missing character: There is no / in font nullfont!
Missing character: There is no F in font nullfont!
Missing character: There is no o in font nullfont!
Missing character: There is no r in font nullfont!
Missing character: There is no m in font nullfont!
Missing character: There is no T in font nullfont!
Missing character: There is no y in font nullfont!
Missing character: There is no p in font nullfont!
Missing character: There is no e in font nullfont!
Missing character: There is no 1 in font nullfont!
Missing character: There is no / in font nullfont!
Missing character: There is no G in font nullfont!
Missing character: There is no r in font nullfont!
Missing character: There is no o in font nullfont!
Missing character: There is no u in font nullfont!
Missing character: There is no p in font nullfont!
Missing character: There is no 7 in font nullfont!
Missing character: There is no 1 in font nullfont!
Missing character: There is no 0 in font nullfont!
Missing character: There is no R in font nullfont!
Missing character: There is no / in font nullfont!
Missing character: There is no L in font nullfont!
Missing character: There is no e in font nullfont!
Missing character: There is no n in font nullfont!
Missing character: There is no g in font nullfont!
Missing character: There is no t in font nullfont!
Missing character: There is no h in font nullfont!
Missing character: There is no 2 in font nullfont!
Missing character: There is no 4 in font nullfont!
Missing character: There is no 1 in font nullfont!
Missing character: There is no 3 in font nullfont!
Missing character: There is no 2 in font nullfont!
Missing character: There is no / in font nullfont!
Missing character: There is no P in font nullfont!
Missing character: There is no T in font nullfont!
Missing character: There is no E in font nullfont!
Missing character: There is no X in font nullfont!
Missing character: There is no . in font nullfont!
Missing character: There is no F in font nullfont!
Missing character: There is no i in font nullfont!
Missing character: There is no l in font nullfont!
Missing character: There is no e in font nullfont!
Missing character: There is no N in font nullfont!
Missing character: There is no a in font nullfont!
Missing character: There is no m in font nullfont!
Missing character: There is no e in font nullfont!
Missing character: There is no ( in font nullfont!
Missing character: There is no . in font nullfont!
Missing character: There is no / in font nullfont!
Missing character: There is no c in font nullfont!
Missing character: There is no o in font nullfont!
Missing character: There is no s in font nullfont!
Missing character: There is no t in font nullfont!
Missing character: There is no p in font nullfont!
Missing character: There is no l in font nullfont!
Missing character: There is no o in font nullfont!
Missing character: There is no t in font nullfont!
Missing character: There is no . in font nullfont!
Missing character: There is no p in font nullfont!
Missing character: There is no d in font nullfont!
Missing character: There is no f in font nullfont!
Missing character: There is no ) in font nullfont!
Missing character: There is no / in font nullfont!
Missing character: There is no P in font nullfont!
Missing character: There is no T in font nullfont!
Missing character: There is no E in font nullfont!
Missing character: There is no X in font nullfont!
Missing character: There is no . in font nullfont!
Missing character: There is no I in font nullfont!
Missing character: There is no n in font nullfont!
Missing character: There is no f in font nullfont!
Missing character: There is no o in font nullfont!
Missing character: There is no D in font nullfont!
Missing character: There is no i in font nullfont!
Missing character: There is no c in font nullfont!
Missing character: There is no t in font nullfont!
Missing character: There is no 7 in font nullfont!
Missing character: There is no 4 in font nullfont!
Missing character: There is no 0 in font nullfont!
Missing character: There is no R in font nullfont!
Missing character: There is no / in font nullfont!
Missing character: There is no P in font nullfont!
Missing character: There is no T in font nullfont!
Missing character: There is no E in font nullfont!
Missing character: There is no X in font nullfont!
Missing character: There is no . in font nullfont!
Missing character: There is no P in font nullfont!
Missing character: There is no a in font nullfont!
Missing character: There is no g in font nullfont!
Missing character: There is no e in font nullfont!
Missing character: There is no N in font nullfont!
Missing character: There is no u in font nullfont!
Missing character: There is no m in font nullfont!
Missing character: There is no b in font nullfont!
Missing character: There is no e in font nullfont!
Missing character: There is no r in font nullfont!
Missing character: There is no 1 in font nullfont!
Missing character: There is no / in font nullfont!
Missing character: There is no R in font nullfont!
Missing character: There is no e in font nullfont!
Missing character: There is no s in font nullfont!
Missing character: There is no o in font nullfont!
Missing character: There is no u in font nullfont!
Missing character: There is no r in font nullfont!
Missing character: There is no c in font nullfont!
Missing character: There is no e in font nullfont!
Missing character: There is no s in font nullfont!
Missing character: There is no < in font nullfont!
Missing character: There is no < in font nullfont!
Missing character: There is no / in font nullfont!
Missing character: There is no E in font nullfont!
Missing character: There is no x in font nullfont!
Missing character: There is no t in font nullfont!
Missing character: There is no G in font nullfont!
Missing character: There is no S in font nullfont!
Missing character: There is no t in font nullfont!
Missing character: There is no a in font nullfont!
Missing character: There is no t in font nullfont!
Missing character: There is no e in font nullfont!
Missing character: There is no < in font nullfont!
Missing character: There is no < in font nullfont!
Missing character: There is no / in font nullfont!
Missing character: There is no a in font nullfont!
Missing character: There is no 0 in font nullfont!
Missing character: There is no < in font nullfont!
Missing character: There is no < in font nullfont!
Missing character: There is no / in font nullfont!
Missing character: There is no C in font nullfont!
Missing character: There is no A in font nullfont!
Missing character: There is no 1 in font nullfont!
Missing character: There is no / in font nullfont!
Missing character: There is no c in font nullfont!
Missing character: There is no a in font nullfont!
Missing character: There is no 1 in font nullfont!
Missing character: There is no > in font nullfont!
Missing character: There is no > in font nullfont!
Missing character: There is no > in font nullfont!
Missing character: There is no > in font nullfont!
Missing character: There is no / in font nullfont!
Missing character: There is no F in font nullfont!
Missing character: There is no o in font nullfont!
Missing character: There is no n in font nullfont!
Missing character: There is no t in font nullfont!
Missing character: There is no < in font nullfont!
Missing character: There is no < in font nullfont!
Missing character: There is no / in font nullfont!
Missing character: There is no f in font nullfont!
Missing character: There is no - in font nullfont!
Missing character: There is no 0 in font nullfont!
Missing character: There is no - in font nullfont!
Missing character: There is no 0 in font nullfont!
Missing character: There is no 7 in font nullfont!
Missing character: There is no 5 in font nullfont!
Missing character: There is no 0 in font nullfont!
Missing character: There is no R in font nullfont!
Missing character: There is no / in font nullfont!
Missing character: There is no f in font nullfont!
Missing character: There is no - in font nullfont!
Missing character: There is no 1 in font nullfont!
Missing character: There is no - in font nullfont!
Missing character: There is no 0 in font nullfont!
Missing character: There is no 7 in font nullfont!
Missing character: There is no 6 in font nullfont!
Missing character: There is no 0 in font nullfont!
Missing character: There is no R in font nullfont!
Missing character: There is no / in font nullfont!
Missing character: There is no f in font nullfont!
Missing character: There is no - in font nullfont!
Missing character: There is no 1 in font nullfont!
Missing character: There is no - in font nullfont!
Missing character: There is no 1 in font nullfont!
Missing character: There is no 7 in font nullfont!
Missing character: There is no 9 in font nullfont!
Missing character: There is no 0 in font nullfont!
Missing character: There is no R in font nullfont!
Missing character: There is no / in font nullfont!
Missing character: There is no f in font nullfont!
Missing character: There is no - in font nullfont!
Missing character: There is no 2 in font nullfont!
Missing character: There is no - in font nullfont!
Missing character: There is no 0 in font nullfont!
Missing character: There is no 7 in font nullfont!
Missing character: There is no 7 in font nullfont!
Missing character: There is no 0 in font nullfont!
Missing character: There is no R in font nullfont!
Missing character: There is no / in font nullfont!
Missing character: There is no f in font nullfont!
Missing character: There is no - in font nullfont!
Missing character: There is no 3 in font nullfont!
Missing character: There is no - in font nullfont!
Missing character: There is no 0 in font nullfont!
Missing character: There is no 7 in font nullfont!
Missing character: There is no 8 in font nullfont!
Missing character: There is no 0 in font nullfont!
Missing character: There is no R in font nullfont!
Missing character: There is no > in font nullfont!
Missing character: There is no > in font nullfont!
Missing character: There is no > in font nullfont!
Missing character: There is no > in font nullfont!
Missing character: There is no > in font nullfont!
Missing character: There is no > in font nullfont!
Missing character: There is no s in font nullfont!
Missing character: There is no t in font nullfont!
Missing character: There is no r in font nullfont!
Missing character: There is no e in font nullfont!
Missing character: There is no a in font nullfont!
Missing character: There is no m in font nullfont!
Missing character: There is no x in font nullfont!

./1907.11679v2.pdf:12: LaTeX Error: Invalid UTF-8 byte "9C.

See the LaTeX manual or LaTeX Companion for explanation.
Type  H <return>  for immediate help.
 ...                                              
                                                  
l.12 xœ
       í½Ë®%Ir^^]:¯ØÃ,
The document does not appear to be in UTF-8 encoding.
Try adding \UseRawInputEncoding as the first line of the file
or specify an encoding such as \usepackage [latin1]{inputenc}
in the document preamble.
Alternatively, save the file in UTF-8 using your editor or another tool


./1907.11679v2.pdf:12: LaTeX Error: Invalid UTF-8 byte sequence (í½Ë).

See the LaTeX manual or LaTeX Companion for explanation.
Type  H <return>  for immediate help.
 ...                                              
                                                  
l.12 xœí½Ë
          ®%Ir^^]:¯ØÃ,
The document does not appear to be in UTF-8 encoding.
Try adding \UseRawInputEncoding as the first line of the file
or specify an encoding such as \usepackage [latin1]{inputenc}
in the document preamble.
Alternatively, save the file in UTF-8 using your editor or another tool


./1907.11679v2.pdf:12: LaTeX Error: Invalid UTF-8 byte "AE.

See the LaTeX manual or LaTeX Companion for explanation.
Type  H <return>  for immediate help.
 ...                                              
                                                  
l.12 xœí½Ë®
           %Ir^^]:¯ØÃ,
The document does not appear to be in UTF-8 encoding.
Try adding \UseRawInputEncoding as the first line of the file
or specify an encoding such as \usepackage [latin1]{inputenc}
in the document preamble.
Alternatively, save the file in UTF-8 using your editor or another tool

Missing character: There is no y in font nullfont!
Missing character: There is no : in font nullfont!

./1907.11679v2.pdf:13: LaTeX Error: Invalid UTF-8 byte sequence (Â=).

See the LaTeX manual or LaTeX Companion for explanation.
Type  H <return>  for immediate help.
 ...                                              
                                                  
l.13 y:Â=
         ^^@Õƒ^^V^^Hâ^^Rà@d^^BwÀæ€w÷KÔ©n¨EáR^^?/_kÙ+ö©Ì*A#5ª{Pivl»››Ex˜»Û2ÿ...

The document does not appear to be in UTF-8 encoding.
Try adding \UseRawInputEncoding as the first line of the file
or specify an encoding such as \usepackage [latin1]{inputenc}
in the document preamble.
Alternatively, save the file in UTF-8 using your editor or another tool


./1907.11679v2.pdf:13: LaTeX Error: Invalid UTF-8 byte "9E.

See the LaTeX manual or LaTeX Companion for explanation.
Type  H <return>  for immediate help.
 ...                                              
                                                  
l.13 y:Â=
          ^^@Õƒ^^V^^Hâ^^Rà@d^^BwÀæ€w÷KÔ©n¨EáR^^?/_kÙ+ö©Ì*A#5ª{Pivl»››Ex˜»Û2ÿ...

The document does not appear to be in UTF-8 encoding.
Try adding \UseRawInputEncoding as the first line of the file
or specify an encoding such as \usepackage [latin1]{inputenc}
in the document preamble.
Alternatively, save the file in UTF-8 using your editor or another tool

./1907.11679v2.pdf:13: Text line contains an invalid character.
l.13 y:Â=^^@
             Õƒ^^V^^Hâ^^Rà@d^^BwÀæ€w÷KÔ©n¨EáR^^?/_kÙ+ö©Ì*A#5ª{Pivl»››Ex˜»Û2ÿ...
A funny symbol that I can't read has just been input.
Continue, and I'll forget that it ever happened.


./1907.11679v2.pdf:13: LaTeX Error: Unicode character Õƒ (U+0543)
               not set up for use with LaTeX.

See the LaTeX manual or LaTeX Companion for explanation.
Type  H <return>  for immediate help.
 ...                                              
                                                  
l.13 y:Â=^^@Õƒ
               ^^V^^Hâ^^Rà@d^^BwÀæ€w÷KÔ©n¨EáR^^?/_kÙ+ö©Ì*A#5ª{Pivl»››Ex˜»Û2ÿ...

You may provide a definition with
\DeclareUnicodeCharacter 


./1907.11679v2.pdf:13: LaTeX Error: Unicode character ^^V (U+0016)
               not set up for use with LaTeX.

See the LaTeX manual or LaTeX Companion for explanation.
Type  H <return>  for immediate help.
 ...                                              
                                                  
l.13 y:Â=^^@Õƒ^^V
                  ^^Hâ^^Rà@d^^BwÀæ€w÷KÔ©n¨EáR^^?/_kÙ+ö©Ì*A#5ª{Pivl»››Ex˜»Û2ÿ...

You may provide a definition with
\DeclareUnicodeCharacter 


./1907.11679v2.pdf:13: LaTeX Error: Unicode character ^^H (U+0008)
               not set up for use with LaTeX.

See the LaTeX manual or LaTeX Companion for explanation.
Type  H <return>  for immediate help.
 ...                                              
                                                  
l.13 y:Â=^^@Õƒ^^V^^H
                     â^^Rà@d^^BwÀæ€w÷KÔ©n¨EáR^^?/_kÙ+ö©Ì*A#5ª{Pivl»››Ex˜»Û2ÿ...

You may provide a definition with
\DeclareUnicodeCharacter 


./1907.11679v2.pdf:13: LaTeX Error: Invalid UTF-8 byte sequence (â^^Rà).

See the LaTeX manual or LaTeX Companion for explanation.
Type  H <return>  for immediate help.
 ...                                              
                                                  
l.13 y:Â=^^@Õƒ^^V^^Hâ^^Rà
                          @d^^BwÀæ€w÷KÔ©n¨EáR^^?/_kÙ+ö©Ì*A#5ª{Pivl»››Ex˜»Û2ÿ...

The document does not appear to be in UTF-8 encoding.
Try adding \UseRawInputEncoding as the first line of the file
or specify an encoding such as \usepackage [latin1]{inputenc}
in the document preamble.
Alternatively, save the file in UTF-8 using your editor or another tool

Missing character: There is no @ in font nullfont!
Missing character: There is no d in font nullfont!

./1907.11679v2.pdf:13: LaTeX Error: Unicode character ^^B (U+0002)
               not set up for use with LaTeX.

See the LaTeX manual or LaTeX Companion for explanation.
Type  H <return>  for immediate help.
 ...                                              
                                                  
l.13 y:Â=^^@Õƒ^^V^^Hâ^^Rà@d^^B
                               wÀæ€w÷KÔ©n¨EáR^^?/_kÙ+ö©Ì*A#5ª{Pivl»››Ex˜»Û2ÿ...

You may provide a definition with
\DeclareUnicodeCharacter 

Missing character: There is no w in font nullfont!

./1907.11679v2.pdf:13: LaTeX Error: Invalid UTF-8 byte "C0.

See the LaTeX manual or LaTeX Companion for explanation.
Type  H <return>  for immediate help.
 ...                                              
                                                  
l.13 y:Â=^^@Õƒ^^V^^Hâ^^Rà@d^^BwÀ
                                 æ€w÷KÔ©n¨EáR^^?/_kÙ+ö©Ì*A#5ª{Pivl»››Ex˜»Û2ÿ...

The document does not appear to be in UTF-8 encoding.
Try adding \UseRawInputEncoding as the first line of the file
or specify an encoding such as \usepackage [latin1]{inputenc}
in the document preamble.
Alternatively, save the file in UTF-8 using your editor or another tool


./1907.11679v2.pdf:13: LaTeX Error: Invalid UTF-8 byte sequence (æ€w).

See the LaTeX manual or LaTeX Companion for explanation.
Type  H <return>  for immediate help.
 ...                                              
                                                  
l.13 y:Â=^^@Õƒ^^V^^Hâ^^Rà@d^^BwÀæ€w
                                    ÷KÔ©n¨EáR^^?/_kÙ+ö©Ì*A#5ª{Pivl»››Ex˜»Û2ÿ...

The document does not appear to be in UTF-8 encoding.
Try adding \UseRawInputEncoding as the first line of the file
or specify an encoding such as \usepackage [latin1]{inputenc}
in the document preamble.
Alternatively, save the file in UTF-8 using your editor or another tool


./1907.11679v2.pdf:13: LaTeX Error: Invalid UTF-8 byte "F7.

See the LaTeX manual or LaTeX Companion for explanation.
Type  H <return>  for immediate help.
 ...                                              
                                                  
l.13 y:Â=^^@Õƒ^^V^^Hâ^^Rà@d^^BwÀæ€w÷
                                     KÔ©n¨EáR^^?/_kÙ+ö©Ì*A#5ª{Pivl»››Ex˜»Û2ÿ...

The document does not appear to be in UTF-8 encoding.
Try adding \UseRawInputEncoding as the first line of the file
or specify an encoding such as \usepackage [latin1]{inputenc}
in the document preamble.
Alternatively, save the file in UTF-8 using your editor or another tool

Missing character: There is no K in font nullfont!

./1907.11679v2.pdf:13: LaTeX Error: Unicode character Ô© (U+0529)
               not set up for use with LaTeX.

See the LaTeX manual or LaTeX Companion for explanation.
Type  H <return>  for immediate help.
 ...                                              
                                                  
l.13 y:Â=^^@Õƒ^^V^^Hâ^^Rà@d^^BwÀæ€w÷KÔ©
                                        n¨EáR^^?/_kÙ+ö©Ì*A#5ª{Pivl»››Ex˜»Û2ÿ...

You may provide a definition with
\DeclareUnicodeCharacter 

Missing character: There is no n in font nullfont!

./1907.11679v2.pdf:13: LaTeX Error: Invalid UTF-8 byte "A8.

See the LaTeX manual or LaTeX Companion for explanation.
Type  H <return>  for immediate help.
 ...                                              
                                                  
l.13 y:Â=^^@Õƒ^^V^^Hâ^^Rà@d^^BwÀæ€w÷KÔ©n¨
                                          EáR^^?/_kÙ+ö©Ì*A#5ª{Pivl»››Ex˜»Û2ÿ...

The document does not appear to be in UTF-8 encoding.
Try adding \UseRawInputEncoding as the first line of the file
or specify an encoding such as \usepackage [latin1]{inputenc}
in the document preamble.
Alternatively, save the file in UTF-8 using your editor or another tool

Missing character: There is no E in font nullfont!
./1907.11679v2.pdf:13: Text line contains an invalid character.
l.13 y:Â=^^@Õƒ^^V^^Hâ^^Rà@d^^BwÀæ€w÷KÔ©n¨EáR^^?
                                                /_kÙ+ö©Ì*A#5ª{Pivl»››Ex˜»Û2ÿ...
A funny symbol that I can't read has just been input.
Continue, and I'll forget that it ever happened.


./1907.11679v2.pdf:13: LaTeX Error: Invalid UTF-8 byte sequence (áR/).

See the LaTeX manual or LaTeX Companion for explanation.
Type  H <return>  for immediate help.
 ...                                              
                                                  
l.13 y:Â=^^@Õƒ^^V^^Hâ^^Rà@d^^BwÀæ€w÷KÔ©n¨EáR^^?/
                                                 _kÙ+ö©Ì*A#5ª{Pivl»››Ex˜»Û2ÿ...

The document does not appear to be in UTF-8 encoding.
Try adding \UseRawInputEncoding as the first line of the file
or specify an encoding such as \usepackage [latin1]{inputenc}
in the document preamble.
Alternatively, save the file in UTF-8 using your editor or another tool

./1907.11679v2.pdf:13: Missing $ inserted.
<inserted text> 
                $
l.13 y:Â=^^@Õƒ^^V^^Hâ^^Rà@d^^BwÀæ€w÷KÔ©n¨EáR^^?/_
                                                  kÙ+ö©Ì*A#5ª{Pivl»››Ex˜»Û2ÿ...
I've inserted a begin-math/end-math symbol since I think
you left one out. Proceed, with fingers crossed.

LaTeX Font Info:    External font `cmex10' loaded for size
(Font)              <7> on input line 13.
LaTeX Font Info:    External font `cmex10' loaded for size
(Font)              <5> on input line 13.

./1907.11679v2.pdf:13: LaTeX Error: Invalid UTF-8 byte sequence (Ù+).

See the LaTeX manual or LaTeX Companion for explanation.
Type  H <return>  for immediate help.
 ...                                              
                                                  
l.13 ...^@Õƒ^^V^^Hâ^^Rà@d^^BwÀæ€w÷KÔ©n¨EáR^^?/_kÙ+
                                                  ö©Ì*A#5ª{Pivl»››Ex˜»Û2ÿoÓü...

The document does not appear to be in UTF-8 encoding.
Try adding \UseRawInputEncoding as the first line of the file
or specify an encoding such as \usepackage [latin1]{inputenc}
in the document preamble.
Alternatively, save the file in UTF-8 using your editor or another tool


./1907.11679v2.pdf:13: LaTeX Error: Invalid UTF-8 byte "F6.

See the LaTeX manual or LaTeX Companion for explanation.
Type  H <return>  for immediate help.
 ...                                              
                                                  
l.13 ...@Õƒ^^V^^Hâ^^Rà@d^^BwÀæ€w÷KÔ©n¨EáR^^?/_kÙ+ö
                                                  ©Ì*A#5ª{Pivl»››Ex˜»Û2ÿoÓüv...

The document does not appear to be in UTF-8 encoding.
Try adding \UseRawInputEncoding as the first line of the file
or specify an encoding such as \usepackage [latin1]{inputenc}
in the document preamble.
Alternatively, save the file in UTF-8 using your editor or another tool


./1907.11679v2.pdf:13: LaTeX Error: Invalid UTF-8 byte "A9.

See the LaTeX manual or LaTeX Companion for explanation.
Type  H <return>  for immediate help.
 ...                                              
                                                  
l.13 ...Õƒ^^V^^Hâ^^Rà@d^^BwÀæ€w÷KÔ©n¨EáR^^?/_kÙ+ö©
                                                  Ì*A#5ª{Pivl»››Ex˜»Û2ÿoÓüv...

The document does not appear to be in UTF-8 encoding.
Try adding \UseRawInputEncoding as the first line of the file
or specify an encoding such as \usepackage [latin1]{inputenc}
in the document preamble.
Alternatively, save the file in UTF-8 using your editor or another tool


./1907.11679v2.pdf:13: LaTeX Error: Invalid UTF-8 byte sequence (Ì*).

See the LaTeX manual or LaTeX Companion for explanation.
Type  H <return>  for immediate help.
 ...                                              
                                                  
l.13 ...^^V^^Hâ^^Rà@d^^BwÀæ€w÷KÔ©n¨EáR^^?/_kÙ+ö©Ì*
                                                  A#5ª{Pivl»››Ex˜»Û2ÿoÓüvÿ...

The document does not appear to be in UTF-8 encoding.
Try adding \UseRawInputEncoding as the first line of the file
or specify an encoding such as \usepackage [latin1]{inputenc}
in the document preamble.
Alternatively, save the file in UTF-8 using your editor or another tool

./1907.11679v2.pdf:13: You can't use `macro parameter character #' in math mode
.
l.13 ...V^^Hâ^^Rà@d^^BwÀæ€w÷KÔ©n¨EáR^^?/_kÙ+ö©Ì*A#
                                                  5ª{Pivl»››Ex˜»Û2ÿoÓüvÿÛã...
Sorry, but I'm not programmed to handle this case;
I'll just pretend that you didn't ask for it.
If you're in the wrong mode, you might be able to
return to the right one by typing `I}' or `I$' or `I\par'.


./1907.11679v2.pdf:13: LaTeX Error: Invalid UTF-8 byte "AA.

See the LaTeX manual or LaTeX Companion for explanation.
Type  H <return>  for immediate help.
 ...                                              
                                                  
l.13 ...^Hâ^^Rà@d^^BwÀæ€w÷KÔ©n¨EáR^^?/_kÙ+ö©Ì*A#5ª
                                                  {Pivl»››Ex˜»Û2ÿoÓüvÿÛãã?...

The document does not appear to be in UTF-8 encoding.
Try adding \UseRawInputEncoding as the first line of the file
or specify an encoding such as \usepackage [latin1]{inputenc}
in the document preamble.
Alternatively, save the file in UTF-8 using your editor or another tool


./1907.11679v2.pdf:13: LaTeX Error: Invalid UTF-8 byte "BB.

See the LaTeX manual or LaTeX Companion for explanation.
Type  H <return>  for immediate help.
 ...                                              
                                                  
l.13 ...à@d^^BwÀæ€w÷KÔ©n¨EáR^^?/_kÙ+ö©Ì*A#5ª{Pivl»
                                                  ››Ex˜»Û2ÿoÓüvÿÛãã?şüûÇ/ş...

The document does not appear to be in UTF-8 encoding.
Try adding \UseRawInputEncoding as the first line of the file
or specify an encoding such as \usepackage [latin1]{inputenc}
in the document preamble.
Alternatively, save the file in UTF-8 using your editor or another tool


./1907.11679v2.pdf:13: LaTeX Error: Invalid UTF-8 byte "9B.

See the LaTeX manual or LaTeX Companion for explanation.
Type  H <return>  for immediate help.
 ...                                              
                                                  
l.13 ...@d^^BwÀæ€w÷KÔ©n¨EáR^^?/_kÙ+ö©Ì*A#5ª{Pivl»›
                                                  ›Ex˜»Û2ÿoÓüvÿÛãã?şüûÇ/şe...

The document does not appear to be in UTF-8 encoding.
Try adding \UseRawInputEncoding as the first line of the file
or specify an encoding such as \usepackage [latin1]{inputenc}
in the document preamble.
Alternatively, save the file in UTF-8 using your editor or another tool


./1907.11679v2.pdf:13: LaTeX Error: Invalid UTF-8 byte "9B.

See the LaTeX manual or LaTeX Companion for explanation.
Type  H <return>  for immediate help.
 ...                                              
                                                  
l.13 ...d^^BwÀæ€w÷KÔ©n¨EáR^^?/_kÙ+ö©Ì*A#5ª{Pivl»››
                                                  Ex˜»Û2ÿoÓüvÿÛãã?şüûÇ/şe~...

The document does not appear to be in UTF-8 encoding.
Try adding \UseRawInputEncoding as the first line of the file
or specify an encoding such as \usepackage [latin1]{inputenc}
in the document preamble.
Alternatively, save the file in UTF-8 using your editor or another tool


./1907.11679v2.pdf:13: LaTeX Error: Invalid UTF-8 byte "98.

See the LaTeX manual or LaTeX Companion for explanation.
Type  H <return>  for immediate help.
 ...                                              
                                                  
l.13 ...BwÀæ€w÷KÔ©n¨EáR^^?/_kÙ+ö©Ì*A#5ª{Pivl»››Ex˜
                                                  »Û2ÿoÓüvÿÛãã?şüûÇ/şe~üş¿...

The document does not appear to be in UTF-8 encoding.
Try adding \UseRawInputEncoding as the first line of the file
or specify an encoding such as \usepackage [latin1]{inputenc}
in the document preamble.
Alternatively, save the file in UTF-8 using your editor or another tool


./1907.11679v2.pdf:13: LaTeX Error: Invalid UTF-8 byte "BB.

See the LaTeX manual or LaTeX Companion for explanation.
Type  H <return>  for immediate help.
 ...                                              
                                                  
l.13 ...wÀæ€w÷KÔ©n¨EáR^^?/_kÙ+ö©Ì*A#5ª{Pivl»››Ex˜»
                                                  Û2ÿoÓüvÿÛãã?şüûÇ/şe~üş¿^...

The document does not appear to be in UTF-8 encoding.
Try adding \UseRawInputEncoding as the first line of the file
or specify an encoding such as \usepackage [latin1]{inputenc}
in the document preamble.
Alternatively, save the file in UTF-8 using your editor or another tool


./1907.11679v2.pdf:13: LaTeX Error: Invalid UTF-8 byte sequence (Û2).

See the LaTeX manual or LaTeX Companion for explanation.
Type  H <return>  for immediate help.
 ...                                              
                                                  
l.13 ...æ€w÷KÔ©n¨EáR^^?/_kÙ+ö©Ì*A#5ª{Pivl»››Ex˜»Û2
                                                  ÿoÓüvÿÛãã?şüûÇ/şe~üş¿^^?...

The document does not appear to be in UTF-8 encoding.
Try adding \UseRawInputEncoding as the first line of the file
or specify an encoding such as \usepackage [latin1]{inputenc}
in the document preamble.
Alternatively, save the file in UTF-8 using your editor or another tool


./1907.11679v2.pdf:13: LaTeX Error: Invalid UTF-8 byte "FF.

See the LaTeX manual or LaTeX Companion for explanation.
Type  H <return>  for immediate help.
 ...                                              
                                                  
l.13 ...€w÷KÔ©n¨EáR^^?/_kÙ+ö©Ì*A#5ª{Pivl»››Ex˜»Û2ÿ
                                                  oÓüvÿÛãã?şüûÇ/şe~üş¿^^?K...

The document does not appear to be in UTF-8 encoding.
Try adding \UseRawInputEncoding as the first line of the file
or specify an encoding such as \usepackage [latin1]{inputenc}
in the document preamble.
Alternatively, save the file in UTF-8 using your editor or another tool


./1907.11679v2.pdf:13: LaTeX Error: Invalid UTF-8 byte sequence (Óü).

See the LaTeX manual or LaTeX Companion for explanation.
Type  H <return>  for immediate help.
 ...                                              
                                                  
l.13 ...KÔ©n¨EáR^^?/_kÙ+ö©Ì*A#5ª{Pivl»››Ex˜»Û2ÿoÓü
                                                  vÿÛãã?şüûÇ/şe~üş¿^^?Kè^^...

The document does not appear to be in UTF-8 encoding.
Try adding \UseRawInputEncoding as the first line of the file
or specify an encoding such as \usepackage [latin1]{inputenc}
in the document preamble.
Alternatively, save the file in UTF-8 using your editor or another tool


./1907.11679v2.pdf:13: LaTeX Error: Invalid UTF-8 byte "8D.

See the LaTeX manual or LaTeX Companion for explanation.
Type  H <return>  for immediate help.
 ...                                              
                                                  
l.13 ...©n¨EáR^^?/_kÙ+ö©Ì*A#5ª{Pivl»››Ex˜»Û2ÿoÓüv
                                                  ÿÛãã?şüûÇ/şe~üş¿^^?Kè^^_ş...

The document does not appear to be in UTF-8 encoding.
Try adding \UseRawInputEncoding as the first line of the file
or specify an encoding such as \usepackage [latin1]{inputenc}
in the document preamble.
Alternatively, save the file in UTF-8 using your editor or another tool


./1907.11679v2.pdf:13: LaTeX Error: Invalid UTF-8 byte "FF.

See the LaTeX manual or LaTeX Companion for explanation.
Type  H <return>  for immediate help.
 ...                                              
                                                  
l.13 ...n¨EáR^^?/_kÙ+ö©Ì*A#5ª{Pivl»››Ex˜»Û2ÿoÓüvÿ
                                                  Ûãã?şüûÇ/şe~üş¿^^?Kè^^_şv...

The document does not appear to be in UTF-8 encoding.
Try adding \UseRawInputEncoding as the first line of the file
or specify an encoding such as \usepackage [latin1]{inputenc}
in the document preamble.
Alternatively, save the file in UTF-8 using your editor or another tool


./1907.11679v2.pdf:13: LaTeX Error: Invalid UTF-8 byte "9D.

See the LaTeX manual or LaTeX Companion for explanation.
Type  H <return>  for immediate help.
 ...                                              
                                                  
l.13 ...¨EáR^^?/_kÙ+ö©Ì*A#5ª{Pivl»››Ex˜»Û2ÿoÓüvÿ
                                                  Ûãã?şüûÇ/şe~üş¿^^?Kè^^_şvü...

The document does not appear to be in UTF-8 encoding.
Try adding \UseRawInputEncoding as the first line of the file
or specify an encoding such as \usepackage [latin1]{inputenc}
in the document preamble.
Alternatively, save the file in UTF-8 using your editor or another tool


./1907.11679v2.pdf:13: LaTeX Error: Invalid UTF-8 byte sequence (Ûã).

See the LaTeX manual or LaTeX Companion for explanation.
Type  H <return>  for immediate help.
 ...                                              
                                                  
l.13 ...áR^^?/_kÙ+ö©Ì*A#5ª{Pivl»››Ex˜»Û2ÿoÓüvÿÛã
                                                  ã?şüûÇ/şe~üş¿^^?Kè^^_şvü{î...

The document does not appear to be in UTF-8 encoding.
Try adding \UseRawInputEncoding as the first line of the file
or specify an encoding such as \usepackage [latin1]{inputenc}
in the document preamble.
Alternatively, save the file in UTF-8 using your editor or another tool


./1907.11679v2.pdf:13: LaTeX Error: Invalid UTF-8 byte sequence (ã?ş).

See the LaTeX manual or LaTeX Companion for explanation.
Type  H <return>  for immediate help.
 ...                                              
                                                  
l.13 ...^?/_kÙ+ö©Ì*A#5ª{Pivl»››Ex˜»Û2ÿoÓüvÿÛãã?ş
                                                  üûÇ/şe~üş¿^^?Kè^^_şvü{îÿ^...

The document does not appear to be in UTF-8 encoding.
Try adding \UseRawInputEncoding as the first line of the file
or specify an encoding such as \usepackage [latin1]{inputenc}
in the document preamble.
Alternatively, save the file in UTF-8 using your editor or another tool


./1907.11679v2.pdf:13: LaTeX Error: Invalid UTF-8 byte "FC.

See the LaTeX manual or LaTeX Companion for explanation.
Type  H <return>  for immediate help.
 ...                                              
                                                  
l.13 ...?/_kÙ+ö©Ì*A#5ª{Pivl»››Ex˜»Û2ÿoÓüvÿÛãã?şü
                                                  ûÇ/şe~üş¿^^?Kè^^_şvü{îÿ^^...

The document does not appear to be in UTF-8 encoding.
Try adding \UseRawInputEncoding as the first line of the file
or specify an encoding such as \usepackage [latin1]{inputenc}
in the document preamble.
Alternatively, save the file in UTF-8 using your editor or another tool


./1907.11679v2.pdf:13: LaTeX Error: Invalid UTF-8 byte "FB.

See the LaTeX manual or LaTeX Companion for explanation.
Type  H <return>  for immediate help.
 ...                                              
                                                  
l.13 .../_kÙ+ö©Ì*A#5ª{Pivl»››Ex˜»Û2ÿoÓüvÿÛãã?şüû
                                                  Ç/şe~üş¿^^?Kè^^_şvü{îÿ^^?...

The document does not appear to be in UTF-8 encoding.
Try adding \UseRawInputEncoding as the first line of the file
or specify an encoding such as \usepackage [latin1]{inputenc}
in the document preamble.
Alternatively, save the file in UTF-8 using your editor or another tool


./1907.11679v2.pdf:13: LaTeX Error: Invalid UTF-8 byte sequence (Ç/).

See the LaTeX manual or LaTeX Companion for explanation.
Type  H <return>  for immediate help.
 ...                                              
                                                  
l.13 ...kÙ+ö©Ì*A#5ª{Pivl»››Ex˜»Û2ÿoÓüvÿÛãã?şüûÇ/
                                                  şe~üş¿^^?Kè^^_şvü{îÿ^^?j...

The document does not appear to be in UTF-8 encoding.
Try adding \UseRawInputEncoding as the first line of the file
or specify an encoding such as \usepackage [latin1]{inputenc}
in the document preamble.
Alternatively, save the file in UTF-8 using your editor or another tool


./1907.11679v2.pdf:13: LaTeX Error: Invalid UTF-8 byte "FE.

See the LaTeX manual or LaTeX Companion for explanation.
Type  H <return>  for immediate help.
 ...                                              
                                                  
l.13 ...Ù+ö©Ì*A#5ª{Pivl»››Ex˜»Û2ÿoÓüvÿÛãã?şüûÇ/ş
                                                  e~üş¿^^?Kè^^_şvü{îÿ^^?j¿...

The document does not appear to be in UTF-8 encoding.
Try adding \UseRawInputEncoding as the first line of the file
or specify an encoding such as \usepackage [latin1]{inputenc}
in the document preamble.
Alternatively, save the file in UTF-8 using your editor or another tool


./1907.11679v2.pdf:13: LaTeX Error: Invalid UTF-8 byte "FC.

See the LaTeX manual or LaTeX Companion for explanation.
Type  H <return>  for immediate help.
 ...                                              
                                                  
l.13 ...©Ì*A#5ª{Pivl»››Ex˜»Û2ÿoÓüvÿÛãã?şüûÇ/şe~ü
                                                  ş¿^^?Kè^^_şvü{îÿ^^?j¿›æÇ...

The document does not appear to be in UTF-8 encoding.
Try adding \UseRawInputEncoding as the first line of the file
or specify an encoding such as \usepackage [latin1]{inputenc}
in the document preamble.
Alternatively, save the file in UTF-8 using your editor or another tool


./1907.11679v2.pdf:13: LaTeX Error: Invalid UTF-8 byte "FE.

See the LaTeX manual or LaTeX Companion for explanation.
Type  H <return>  for immediate help.
 ...                                              
                                                  
l.13 ...Ì*A#5ª{Pivl»››Ex˜»Û2ÿoÓüvÿÛãã?şüûÇ/şe~üş
                                                  ¿^^?Kè^^_şvü{îÿ^^?j¿›æÇ¿...

The document does not appear to be in UTF-8 encoding.
Try adding \UseRawInputEncoding as the first line of the file
or specify an encoding such as \usepackage [latin1]{inputenc}
in the document preamble.
Alternatively, save the file in UTF-8 using your editor or another tool


./1907.11679v2.pdf:13: LaTeX Error: Invalid UTF-8 byte "BF.

See the LaTeX manual or LaTeX Companion for explanation.
Type  H <return>  for immediate help.
 ...                                              
                                                  
l.13 ...*A#5ª{Pivl»››Ex˜»Û2ÿoÓüvÿÛãã?şüûÇ/şe~üş¿
                                                  ^^?Kè^^_şvü{îÿ^^?j¿›æÇ¿N...

The document does not appear to be in UTF-8 encoding.
Try adding \UseRawInputEncoding as the first line of the file
or specify an encoding such as \usepackage [latin1]{inputenc}
in the document preamble.
Alternatively, save the file in UTF-8 using your editor or another tool

./1907.11679v2.pdf:13: Text line contains an invalid character.
l.13 ...5ª{Pivl»››Ex˜»Û2ÿoÓüvÿÛãã?şüûÇ/şe~üş¿^^?
                                                  Kè^^_şvü{îÿ^^?j¿›æÇ¿NÿôÏ...
A funny symbol that I can't read has just been input.
Continue, and I'll forget that it ever happened.


./1907.11679v2.pdf:13: LaTeX Error: Invalid UTF-8 byte sequence (è^^_ş).

See the LaTeX manual or LaTeX Companion for explanation.
Type  H <return>  for immediate help.
 ...                                              
                                                  
l.13 ...l»››Ex˜»Û2ÿoÓüvÿÛãã?şüûÇ/şe~üş¿^^?Kè^^_ş
                                                  vü{îÿ^^?j¿›æÇ¿NÿôÏà<~3õ·...

The document does not appear to be in UTF-8 encoding.
Try adding \UseRawInputEncoding as the first line of the file
or specify an encoding such as \usepackage [latin1]{inputenc}
in the document preamble.
Alternatively, save the file in UTF-8 using your editor or another tool


./1907.11679v2.pdf:13: LaTeX Error: Invalid UTF-8 byte "FC.

See the LaTeX manual or LaTeX Companion for explanation.
Type  H <return>  for immediate help.
 ...                                              
                                                  
l.13 ...››Ex˜»Û2ÿoÓüvÿÛãã?şüûÇ/şe~üş¿^^?Kè^^_şvü
                                                  {îÿ^^?j¿›æÇ¿NÿôÏà<~3õ·Ö¯...

The document does not appear to be in UTF-8 encoding.
Try adding \UseRawInputEncoding as the first line of the file
or specify an encoding such as \usepackage [latin1]{inputenc}
in the document preamble.
Alternatively, save the file in UTF-8 using your editor or another tool


./1907.11679v2.pdf:13: LaTeX Error: Invalid UTF-8 byte sequence (îÿ).

See the LaTeX manual or LaTeX Companion for explanation.
Type  H <return>  for immediate help.
 ...                                              
                                                  
l.13 ...˜»Û2ÿoÓüvÿÛãã?şüûÇ/şe~üş¿^^?Kè^^_şvü{îÿ
                                                  ^^?j¿›æÇ¿NÿôÏà<~3õ·Ö¯>^^_...

The document does not appear to be in UTF-8 encoding.
Try adding \UseRawInputEncoding as the first line of the file
or specify an encoding such as \usepackage [latin1]{inputenc}
in the document preamble.
Alternatively, save the file in UTF-8 using your editor or another tool

./1907.11679v2.pdf:13: Text line contains an invalid character.
l.13 ...2ÿoÓüvÿÛãã?şüûÇ/şe~üş¿^^?Kè^^_şvü{îÿ^^?
                                                  j¿›æÇ¿NÿôÏà<~3õ·Ö¯>^^_¿^...
A funny symbol that I can't read has just been input.
Continue, and I'll forget that it ever happened.


./1907.11679v2.pdf:13: LaTeX Error: Invalid UTF-8 byte "8F.

See the LaTeX manual or LaTeX Companion for explanation.
Type  H <return>  for immediate help.
 ...                                              
                                                  
l.13 ...oÓüvÿÛãã?şüûÇ/şe~üş¿^^?Kè^^_şvü{îÿ^^?j
                                                  ¿›æÇ¿NÿôÏà<~3õ·Ö¯>^^_¿^^?...

The document does not appear to be in UTF-8 encoding.
Try adding \UseRawInputEncoding as the first line of the file
or specify an encoding such as \usepackage [latin1]{inputenc}
in the document preamble.
Alternatively, save the file in UTF-8 using your editor or another tool


./1907.11679v2.pdf:13: LaTeX Error: Invalid UTF-8 byte "BF.

See the LaTeX manual or LaTeX Companion for explanation.
Type  H <return>  for immediate help.
 ...                                              
                                                  
l.13 ...ÓüvÿÛãã?şüûÇ/şe~üş¿^^?Kè^^_şvü{îÿ^^?j¿
                                                  ›æÇ¿NÿôÏà<~3õ·Ö¯>^^_¿^^?ì...

The document does not appear to be in UTF-8 encoding.
Try adding \UseRawInputEncoding as the first line of the file
or specify an encoding such as \usepackage [latin1]{inputenc}
in the document preamble.
Alternatively, save the file in UTF-8 using your editor or another tool


./1907.11679v2.pdf:13: LaTeX Error: Invalid UTF-8 byte "9B.

See the LaTeX manual or LaTeX Companion for explanation.
Type  H <return>  for immediate help.
 ...                                              
                                                  
l.13 ...üvÿÛãã?şüûÇ/şe~üş¿^^?Kè^^_şvü{îÿ^^?j¿›
                                                  æÇ¿NÿôÏà<~3õ·Ö¯>^^_¿^^?ìo...

The document does not appear to be in UTF-8 encoding.
Try adding \UseRawInputEncoding as the first line of the file
or specify an encoding such as \usepackage [latin1]{inputenc}
in the document preamble.
Alternatively, save the file in UTF-8 using your editor or another tool


./1907.11679v2.pdf:13: LaTeX Error: Invalid UTF-8 byte sequence (æÇ¿).

See the LaTeX manual or LaTeX Companion for explanation.
Type  H <return>  for immediate help.
 ...                                              
                                                  
l.13 ...ÿÛãã?şüûÇ/şe~üş¿^^?Kè^^_şvü{îÿ^^?j¿›æÇ¿
                                                  NÿôÏà<~3õ·Ö¯>^^_¿^^?ìoÛq>...

The document does not appear to be in UTF-8 encoding.
Try adding \UseRawInputEncoding as the first line of the file
or specify an encoding such as \usepackage [latin1]{inputenc}
in the document preamble.
Alternatively, save the file in UTF-8 using your editor or another tool


./1907.11679v2.pdf:13: LaTeX Error: Invalid UTF-8 byte "FF.

See the LaTeX manual or LaTeX Companion for explanation.
Type  H <return>  for immediate help.
 ...                                              
                                                  
l.13 ...Ûãã?şüûÇ/şe~üş¿^^?Kè^^_şvü{îÿ^^?j¿›æÇ¿Nÿ
                                                  ôÏà<~3õ·Ö¯>^^_¿^^?ìoÛq>Öe...

The document does not appear to be in UTF-8 encoding.
Try adding \UseRawInputEncoding as the first line of the file
or specify an encoding such as \usepackage [latin1]{inputenc}
in the document preamble.
Alternatively, save the file in UTF-8 using your editor or another tool


./1907.11679v2.pdf:13: LaTeX Error: Invalid UTF-8 byte sequence (ôÏà<).

See the LaTeX manual or LaTeX Companion for explanation.
Type  H <return>  for immediate help.
 ...                                              
                                                  
l.13 ...şüûÇ/şe~üş¿^^?Kè^^_şvü{îÿ^^?j¿›æÇ¿NÿôÏà<
                                                  ~3õ·Ö¯>^^_¿^^?ìoÛq>Öe{[[{...

The document does not appear to be in UTF-8 encoding.
Try adding \UseRawInputEncoding as the first line of the file
or specify an encoding such as \usepackage [latin1]{inputenc}
in the document preamble.
Alternatively, save the file in UTF-8 using your editor or another tool


./1907.11679v2.pdf:13: LaTeX Error: Invalid UTF-8 byte "F5.

See the LaTeX manual or LaTeX Companion for explanation.
Type  H <return>  for immediate help.
 ...                                              
                                                  
l.13 ...Ç/şe~üş¿^^?Kè^^_şvü{îÿ^^?j¿›æÇ¿NÿôÏà<~3õ
                                                  ·Ö¯>^^_¿^^?ìoÛq>Öe{[[{\çş...

The document does not appear to be in UTF-8 encoding.
Try adding \UseRawInputEncoding as the first line of the file
or specify an encoding such as \usepackage [latin1]{inputenc}
in the document preamble.
Alternatively, save the file in UTF-8 using your editor or another tool


./1907.11679v2.pdf:13: LaTeX Error: Invalid UTF-8 byte "B7.

See the LaTeX manual or LaTeX Companion for explanation.
Type  H <return>  for immediate help.
 ...                                              
                                                  
l.13 .../şe~üş¿^^?Kè^^_şvü{îÿ^^?j¿›æÇ¿NÿôÏà<~3õ·
                                                  Ö¯>^^_¿^^?ìoÛq>Öe{[[{\çşv...

The document does not appear to be in UTF-8 encoding.
Try adding \UseRawInputEncoding as the first line of the file
or specify an encoding such as \usepackage [latin1]{inputenc}
in the document preamble.
Alternatively, save the file in UTF-8 using your editor or another tool


./1907.11679v2.pdf:13: LaTeX Error: Unicode character Ö¯ (U+05AF)
               not set up for use with LaTeX.

See the LaTeX manual or LaTeX Companion for explanation.
Type  H <return>  for immediate help.
 ...                                              
                                                  
l.13 ...e~üş¿^^?Kè^^_şvü{îÿ^^?j¿›æÇ¿NÿôÏà<~3õ·Ö¯
                                                  >^^_¿^^?ìoÛq>Öe{[[{\çşv®ë...

You may provide a definition with
\DeclareUnicodeCharacter 


./1907.11679v2.pdf:13: LaTeX Error: Unicode character ^^_ (U+001F)
               not set up for use with LaTeX.

See the LaTeX manual or LaTeX Companion for explanation.
Type  H <return>  for immediate help.
 ...                                              
                                                  
l.13 ...¿^^?Kè^^_şvü{îÿ^^?j¿›æÇ¿NÿôÏà<~3õ·Ö¯>^^_
                                                  ¿^^?ìoÛq>Öe{[[{\çşv®ëãs¿Ö...

You may provide a definition with
\DeclareUnicodeCharacter 


./1907.11679v2.pdf:13: LaTeX Error: Invalid UTF-8 byte "8F.

See the LaTeX manual or LaTeX Companion for explanation.
Type  H <return>  for immediate help.
 ...                                              
                                                  
l.13 ...^^?Kè^^_şvü{îÿ^^?j¿›æÇ¿NÿôÏà<~3õ·Ö¯>^^_
                                                  ¿^^?ìoÛq>Öe{[[{\çşv®ëãs¿Ö·...

The document does not appear to be in UTF-8 encoding.
Try adding \UseRawInputEncoding as the first line of the file
or specify an encoding such as \usepackage [latin1]{inputenc}
in the document preamble.
Alternatively, save the file in UTF-8 using your editor or another tool


./1907.11679v2.pdf:13: LaTeX Error: Invalid UTF-8 byte "BF.

See the LaTeX manual or LaTeX Companion for explanation.
Type  H <return>  for immediate help.
 ...                                              
                                                  
l.13 ...^?Kè^^_şvü{îÿ^^?j¿›æÇ¿NÿôÏà<~3õ·Ö¯>^^_¿
                                                  ^^?ìoÛq>Öe{[[{\çşv®ëãs¿Ö·£...

The document does not appear to be in UTF-8 encoding.
Try adding \UseRawInputEncoding as the first line of the file
or specify an encoding such as \usepackage [latin1]{inputenc}
in the document preamble.
Alternatively, save the file in UTF-8 using your editor or another tool

./1907.11679v2.pdf:13: Text line contains an invalid character.
l.13 ...è^^_şvü{îÿ^^?j¿›æÇ¿NÿôÏà<~3õ·Ö¯>^^_¿^^?
                                                  ìoÛq>Öe{[[{\çşv®ëãs¿Ö·£Ÿ?...
A funny symbol that I can't read has just been input.
Continue, and I'll forget that it ever happened.


./1907.11679v2.pdf:13: LaTeX Error: Invalid UTF-8 byte sequence (ìoÛ).

See the LaTeX manual or LaTeX Companion for explanation.
Type  H <return>  for immediate help.
 ...                                              
                                                  
l.13 ..._şvü{îÿ^^?j¿›æÇ¿NÿôÏà<~3õ·Ö¯>^^_¿^^?ìoÛ
                                                  q>Öe{[[{\çşv®ëãs¿Ö·£Ÿ?ÿöñ...

The document does not appear to be in UTF-8 encoding.
Try adding \UseRawInputEncoding as the first line of the file
or specify an encoding such as \usepackage [latin1]{inputenc}
in the document preamble.
Alternatively, save the file in UTF-8 using your editor or another tool


./1907.11679v2.pdf:13: LaTeX Error: Invalid UTF-8 byte sequence (Öe).

See the LaTeX manual or LaTeX Companion for explanation.
Type  H <return>  for immediate help.
 ...                                              
                                                  
l.13 ...{îÿ^^?j¿›æÇ¿NÿôÏà<~3õ·Ö¯>^^_¿^^?ìoÛq>Öe
                                                  {[[{\çşv®ëãs¿Ö·£Ÿ?ÿöñ«ñ[ü...

The document does not appear to be in UTF-8 encoding.
Try adding \UseRawInputEncoding as the first line of the file
or specify an encoding such as \usepackage [latin1]{inputenc}
in the document preamble.
Alternatively, save the file in UTF-8 using your editor or another tool

./1907.11679v2.pdf:13: Undefined control sequence.
l.13 ...?j¿›æÇ¿NÿôÏà<~3õ·Ö¯>^^_¿^^?ìoÛq>Öe{[[{\ç
                                                  şv®ëãs¿Ö·£Ÿ?ÿöñ«ñ[ü^^?tú«...
The control sequence at the end of the top line
of your error message was never \def'ed. If you have
misspelled it (e.g., `\hobx'), type `I' and the correct
spelling (e.g., `I\hbox'). Otherwise just continue,
and I'll forget about whatever was undefined.


./1907.11679v2.pdf:13: LaTeX Error: Invalid UTF-8 byte "FE.

See the LaTeX manual or LaTeX Companion for explanation.
Type  H <return>  for immediate help.
 ...                                              
                                                  
l.13 ...j¿›æÇ¿NÿôÏà<~3õ·Ö¯>^^_¿^^?ìoÛq>Öe{[[{\çş
                                                  v®ëãs¿Ö·£Ÿ?ÿöñ«ñ[ü^^?tú«/...

The document does not appear to be in UTF-8 encoding.
Try adding \UseRawInputEncoding as the first line of the file
or specify an encoding such as \usepackage [latin1]{inputenc}
in the document preamble.
Alternatively, save the file in UTF-8 using your editor or another tool


./1907.11679v2.pdf:13: LaTeX Error: Invalid UTF-8 byte "AE.

See the LaTeX manual or LaTeX Companion for explanation.
Type  H <return>  for immediate help.
 ...                                              
                                                  
l.13 ...¿›æÇ¿NÿôÏà<~3õ·Ö¯>^^_¿^^?ìoÛq>Öe{[[{\çşv®
                                                  ëãs¿Ö·£Ÿ?ÿöñ«ñ[ü^^?tú«/Sß...

The document does not appear to be in UTF-8 encoding.
Try adding \UseRawInputEncoding as the first line of the file
or specify an encoding such as \usepackage [latin1]{inputenc}
in the document preamble.
Alternatively, save the file in UTF-8 using your editor or another tool


./1907.11679v2.pdf:13: LaTeX Error: Invalid UTF-8 byte sequence (ëãs).

See the LaTeX manual or LaTeX Companion for explanation.
Type  H <return>  for immediate help.
 ...                                              
                                                  
l.13 ...Ç¿NÿôÏà<~3õ·Ö¯>^^_¿^^?ìoÛq>Öe{[[{\çşv®ëãs
                                                  ¿Ö·£Ÿ?ÿöñ«ñ[ü^^?tú«/SßIŒÿ...

The document does not appear to be in UTF-8 encoding.
Try adding \UseRawInputEncoding as the first line of the file
or specify an encoding such as \usepackage [latin1]{inputenc}
in the document preamble.
Alternatively, save the file in UTF-8 using your editor or another tool


./1907.11679v2.pdf:13: LaTeX Error: Invalid UTF-8 byte "BF.

See the LaTeX manual or LaTeX Companion for explanation.
Type  H <return>  for immediate help.
 ...                                              
                                                  
l.13 ...¿NÿôÏà<~3õ·Ö¯>^^_¿^^?ìoÛq>Öe{[[{\çşv®ëãs¿
                                                  Ö·£Ÿ?ÿöñ«ñ[ü^^?tú«/SßIŒÿô...

The document does not appear to be in UTF-8 encoding.
Try adding \UseRawInputEncoding as the first line of the file
or specify an encoding such as \usepackage [latin1]{inputenc}
in the document preamble.
Alternatively, save the file in UTF-8 using your editor or another tool


./1907.11679v2.pdf:13: LaTeX Error: Unicode character Ö· (U+05B7)
               not set up for use with LaTeX.

See the LaTeX manual or LaTeX Companion for explanation.
Type  H <return>  for immediate help.
 ...                                              
                                                  
l.13 ...ÿôÏà<~3õ·Ö¯>^^_¿^^?ìoÛq>Öe{[[{\çşv®ëãs¿Ö·
                                                  £Ÿ?ÿöñ«ñ[ü^^?tú«/SßIŒÿô!Û...

You may provide a definition with
\DeclareUnicodeCharacter 


./1907.11679v2.pdf:13: LaTeX Error: Invalid UTF-8 byte "A3.

See the LaTeX manual or LaTeX Companion for explanation.
Type  H <return>  for immediate help.
 ...                                              
                                                  
l.13 ...ôÏà<~3õ·Ö¯>^^_¿^^?ìoÛq>Öe{[[{\çşv®ëãs¿Ö·£
                                                  Ÿ?ÿöñ«ñ[ü^^?tú«/SßIŒÿô!ÛÎ...

The document does not appear to be in UTF-8 encoding.
Try adding \UseRawInputEncoding as the first line of the file
or specify an encoding such as \usepackage [latin1]{inputenc}
in the document preamble.
Alternatively, save the file in UTF-8 using your editor or another tool


./1907.11679v2.pdf:13: LaTeX Error: Invalid UTF-8 byte "9F.

See the LaTeX manual or LaTeX Companion for explanation.
Type  H <return>  for immediate help.
 ...                                              
                                                  
l.13 ...Ïà<~3õ·Ö¯>^^_¿^^?ìoÛq>Öe{[[{\çşv®ëãs¿Ö·£Ÿ
                                                  ?ÿöñ«ñ[ü^^?tú«/SßIŒÿô!ÛÎu...

The document does not appear to be in UTF-8 encoding.
Try adding \UseRawInputEncoding as the first line of the file
or specify an encoding such as \usepackage [latin1]{inputenc}
in the document preamble.
Alternatively, save the file in UTF-8 using your editor or another tool


./1907.11679v2.pdf:13: LaTeX Error: Invalid UTF-8 byte "8F.

See the LaTeX manual or LaTeX Companion for explanation.
Type  H <return>  for immediate help.
 ...                                              
                                                  
l.13 ...à<~3õ·Ö¯>^^_¿^^?ìoÛq>Öe{[[{\çşv®ëãs¿Ö·£Ÿ
                                                  ?ÿöñ«ñ[ü^^?tú«/SßIŒÿô!ÛÎu_...

The document does not appear to be in UTF-8 encoding.
Try adding \UseRawInputEncoding as the first line of the file
or specify an encoding such as \usepackage [latin1]{inputenc}
in the document preamble.
Alternatively, save the file in UTF-8 using your editor or another tool


./1907.11679v2.pdf:13: LaTeX Error: Invalid UTF-8 byte "FF.

See the LaTeX manual or LaTeX Companion for explanation.
Type  H <return>  for immediate help.
 ...                                              
                                                  
l.13 ...~3õ·Ö¯>^^_¿^^?ìoÛq>Öe{[[{\çşv®ëãs¿Ö·£Ÿ?ÿ
                                                  öñ«ñ[ü^^?tú«/SßIŒÿô!ÛÎu_Ûc...

The document does not appear to be in UTF-8 encoding.
Try adding \UseRawInputEncoding as the first line of the file
or specify an encoding such as \usepackage [latin1]{inputenc}
in the document preamble.
Alternatively, save the file in UTF-8 using your editor or another tool


./1907.11679v2.pdf:13: LaTeX Error: Invalid UTF-8 byte "F6.

See the LaTeX manual or LaTeX Companion for explanation.
Type  H <return>  for immediate help.
 ...                                              
                                                  
l.13 ...3õ·Ö¯>^^_¿^^?ìoÛq>Öe{[[{\çşv®ëãs¿Ö·£Ÿ?ÿö
                                                  ñ«ñ[ü^^?tú«/SßIŒÿô!ÛÎu_Ûc^...

The document does not appear to be in UTF-8 encoding.
Try adding \UseRawInputEncoding as the first line of the file
or specify an encoding such as \usepackage [latin1]{inputenc}
in the document preamble.
Alternatively, save the file in UTF-8 using your editor or another tool


./1907.11679v2.pdf:13: LaTeX Error: Invalid UTF-8 byte sequence (ñ«ñ[).

See the LaTeX manual or LaTeX Companion for explanation.
Type  H <return>  for immediate help.
 ...                                              
                                                  
l.13 ...¯>^^_¿^^?ìoÛq>Öe{[[{\çşv®ëãs¿Ö·£Ÿ?ÿöñ«ñ[
                                                  ü^^?tú«/SßIŒÿô!ÛÎu_Ûc^^Y­´...

The document does not appear to be in UTF-8 encoding.
Try adding \UseRawInputEncoding as the first line of the file
or specify an encoding such as \usepackage [latin1]{inputenc}
in the document preamble.
Alternatively, save the file in UTF-8 using your editor or another tool


./1907.11679v2.pdf:13: LaTeX Error: Invalid UTF-8 byte "FC.

See the LaTeX manual or LaTeX Companion for explanation.
Type  H <return>  for immediate help.
 ...                                              
                                                  
l.13 ...>^^_¿^^?ìoÛq>Öe{[[{\çşv®ëãs¿Ö·£Ÿ?ÿöñ«ñ[ü
                                                  ^^?tú«/SßIŒÿô!ÛÎu_Ûc^^Y­´½...

The document does not appear to be in UTF-8 encoding.
Try adding \UseRawInputEncoding as the first line of the file
or specify an encoding such as \usepackage [latin1]{inputenc}
in the document preamble.
Alternatively, save the file in UTF-8 using your editor or another tool

./1907.11679v2.pdf:13: Text line contains an invalid character.
l.13 ..._¿^^?ìoÛq>Öe{[[{\çşv®ëãs¿Ö·£Ÿ?ÿöñ«ñ[ü^^?
                                                  tú«/SßIŒÿô!ÛÎu_Ûc^^Y­´½/ûã...
A funny symbol that I can't read has just been input.
Continue, and I'll forget that it ever happened.


./1907.11679v2.pdf:13: LaTeX Error: Invalid UTF-8 byte "FA.

See the LaTeX manual or LaTeX Companion for explanation.
Type  H <return>  for immediate help.
 ...                                              
                                                  
l.13 ...¿^^?ìoÛq>Öe{[[{\çşv®ëãs¿Ö·£Ÿ?ÿöñ«ñ[ü^^?tú
                                                  «/SßIŒÿô!ÛÎu_Ûc^^Y­´½/ûãË÷...

The document does not appear to be in UTF-8 encoding.
Try adding \UseRawInputEncoding as the first line of the file
or specify an encoding such as \usepackage [latin1]{inputenc}
in the document preamble.
Alternatively, save the file in UTF-8 using your editor or another tool


./1907.11679v2.pdf:13: LaTeX Error: Invalid UTF-8 byte "AB.

See the LaTeX manual or LaTeX Companion for explanation.
Type  H <return>  for immediate help.
 ...                                              
                                                  
l.13 ...^^?ìoÛq>Öe{[[{\çşv®ëãs¿Ö·£Ÿ?ÿöñ«ñ[ü^^?tú«
                                                  /SßIŒÿô!ÛÎu_Ûc^^Y­´½/ûãË÷Ó...

The document does not appear to be in UTF-8 encoding.
Try adding \UseRawInputEncoding as the first line of the file
or specify an encoding such as \usepackage [latin1]{inputenc}
in the document preamble.
Alternatively, save the file in UTF-8 using your editor or another tool


./1907.11679v2.pdf:13: LaTeX Error: Invalid UTF-8 byte sequence (ßI).

See the LaTeX manual or LaTeX Companion for explanation.
Type  H <return>  for immediate help.
 ...                                              
                                                  
l.13 ...oÛq>Öe{[[{\çşv®ëãs¿Ö·£Ÿ?ÿöñ«ñ[ü^^?tú«/SßI
                                                  Œÿô!ÛÎu_Ûc^^Y­´½/ûãË÷Ó/~÷y...

The document does not appear to be in UTF-8 encoding.
Try adding \UseRawInputEncoding as the first line of the file
or specify an encoding such as \usepackage [latin1]{inputenc}
in the document preamble.
Alternatively, save the file in UTF-8 using your editor or another tool


./1907.11679v2.pdf:13: LaTeX Error: Invalid UTF-8 byte "8C.

See the LaTeX manual or LaTeX Companion for explanation.
Type  H <return>  for immediate help.
 ...                                              
                                                  
l.13 ...Ûq>Öe{[[{\çşv®ëãs¿Ö·£Ÿ?ÿöñ«ñ[ü^^?tú«/SßIŒ
                                                  ÿô!ÛÎu_Ûc^^Y­´½/ûãË÷Ó/~÷yş...

The document does not appear to be in UTF-8 encoding.
Try adding \UseRawInputEncoding as the first line of the file
or specify an encoding such as \usepackage [latin1]{inputenc}
in the document preamble.
Alternatively, save the file in UTF-8 using your editor or another tool


./1907.11679v2.pdf:13: LaTeX Error: Invalid UTF-8 byte "FF.

See the LaTeX manual or LaTeX Companion for explanation.
Type  H <return>  for immediate help.
 ...                                              
                                                  
l.13 ...q>Öe{[[{\çşv®ëãs¿Ö·£Ÿ?ÿöñ«ñ[ü^^?tú«/SßIŒÿ
                                                  ô!ÛÎu_Ûc^^Y­´½/ûãË÷Ó/~÷yş<...

The document does not appear to be in UTF-8 encoding.
Try adding \UseRawInputEncoding as the first line of the file
or specify an encoding such as \usepackage [latin1]{inputenc}
in the document preamble.
Alternatively, save the file in UTF-8 using your editor or another tool


./1907.11679v2.pdf:13: LaTeX Error: Invalid UTF-8 byte sequence (ô!ÛÎ).

See the LaTeX manual or LaTeX Companion for explanation.
Type  H <return>  for immediate help.
 ...                                              
                                                  
l.13 ...{[[{\çşv®ëãs¿Ö·£Ÿ?ÿöñ«ñ[ü^^?tú«/SßIŒÿô!ÛÎ
                                                  u_Ûc^^Y­´½/ûãË÷Ó/~÷yş<?–Ç—...

The document does not appear to be in UTF-8 encoding.
Try adding \UseRawInputEncoding as the first line of the file
or specify an encoding such as \usepackage [latin1]{inputenc}
in the document preamble.
Alternatively, save the file in UTF-8 using your editor or another tool

./1907.11679v2.pdf:13: Missing { inserted.
<to be read again> 
                   \begingroup 
l.13 ...\çşv®ëãs¿Ö·£Ÿ?ÿöñ«ñ[ü^^?tú«/SßIŒÿô!ÛÎu_Ûc
                                                  ^^Y­´½/ûãË÷Ó/~÷yş<?–Ç—ßMÿô...
A left brace was mandatory here, so I've put one in.
You might want to delete and/or insert some corrections
so that I will find a matching right brace soon.
(If you're confused by all this, try typing `I}' now.)


./1907.11679v2.pdf:13: LaTeX Error: Invalid UTF-8 byte sequence (Ûc).

See the LaTeX manual or LaTeX Companion for explanation.
Type  H <return>  for immediate help.
 ...                                              
                                                  
l.13 ...\çşv®ëãs¿Ö·£Ÿ?ÿöñ«ñ[ü^^?tú«/SßIŒÿô!ÛÎu_Ûc
                                                  ^^Y­´½/ûãË÷Ó/~÷yş<?–Ç—ßMÿô...

The document does not appear to be in UTF-8 encoding.
Try adding \UseRawInputEncoding as the first line of the file
or specify an encoding such as \usepackage [latin1]{inputenc}
in the document preamble.
Alternatively, save the file in UTF-8 using your editor or another tool


./1907.11679v2.pdf:13: LaTeX Error: Unicode character ^^Y (U+0019)
               not set up for use with LaTeX.

See the LaTeX manual or LaTeX Companion for explanation.
Type  H <return>  for immediate help.
 ...                                              
                                                  
l.13 ...v®ëãs¿Ö·£Ÿ?ÿöñ«ñ[ü^^?tú«/SßIŒÿô!ÛÎu_Ûc^^Y
                                                  ­´½/ûãË÷Ó/~÷yş<?–Ç—ßMÿôéÿù...

You may provide a definition with
\DeclareUnicodeCharacter 


./1907.11679v2.pdf:13: LaTeX Error: Invalid UTF-8 byte "AD.

See the LaTeX manual or LaTeX Companion for explanation.
Type  H <return>  for immediate help.
 ...                                              
                                                  
l.13 ...®ëãs¿Ö·£Ÿ?ÿöñ«ñ[ü^^?tú«/SßIŒÿô!ÛÎu_Ûc^^Y­
                                                  ´½/ûãË÷Ó/~÷yş<?–Ç—ßMÿôéÿùã...

The document does not appear to be in UTF-8 encoding.
Try adding \UseRawInputEncoding as the first line of the file
or specify an encoding such as \usepackage [latin1]{inputenc}
in the document preamble.
Alternatively, save the file in UTF-8 using your editor or another tool


./1907.11679v2.pdf:13: LaTeX Error: Invalid UTF-8 byte "B4.

See the LaTeX manual or LaTeX Companion for explanation.
Type  H <return>  for immediate help.
 ...                                              
                                                  
l.13 ...ëãs¿Ö·£Ÿ?ÿöñ«ñ[ü^^?tú«/SßIŒÿô!ÛÎu_Ûc^^Y­´
                                                  ½/ûãË÷Ó/~÷yş<?–Ç—ßMÿôéÿùã¿...

The document does not appear to be in UTF-8 encoding.
Try adding \UseRawInputEncoding as the first line of the file
or specify an encoding such as \usepackage [latin1]{inputenc}
in the document preamble.
Alternatively, save the file in UTF-8 using your editor or another tool


./1907.11679v2.pdf:13: LaTeX Error: Invalid UTF-8 byte "BD.

See the LaTeX manual or LaTeX Companion for explanation.
Type  H <return>  for immediate help.
 ...                                              
                                                  
l.13 ...ãs¿Ö·£Ÿ?ÿöñ«ñ[ü^^?tú«/SßIŒÿô!ÛÎu_Ûc^^Y­´½
                                                  /ûãË÷Ó/~÷yş<?–Ç—ßMÿôéÿùã¿ı...

The document does not appear to be in UTF-8 encoding.
Try adding \UseRawInputEncoding as the first line of the file
or specify an encoding such as \usepackage [latin1]{inputenc}
in the document preamble.
Alternatively, save the file in UTF-8 using your editor or another tool


./1907.11679v2.pdf:13: LaTeX Error: Invalid UTF-8 byte "FB.

See the LaTeX manual or LaTeX Companion for explanation.
Type  H <return>  for immediate help.
 ...                                              
                                                  
l.13 ...¿Ö·£Ÿ?ÿöñ«ñ[ü^^?tú«/SßIŒÿô!ÛÎu_Ûc^^Y­´½/û
                                                  ãË÷Ó/~÷yş<?–Ç—ßMÿôéÿùã¿ıö÷...

The document does not appear to be in UTF-8 encoding.
Try adding \UseRawInputEncoding as the first line of the file
or specify an encoding such as \usepackage [latin1]{inputenc}
in the document preamble.
Alternatively, save the file in UTF-8 using your editor or another tool


./1907.11679v2.pdf:13: LaTeX Error: Invalid UTF-8 byte sequence (ãË÷).

See the LaTeX manual or LaTeX Companion for explanation.
Type  H <return>  for immediate help.
 ...                                              
                                                  
l.13 ...£Ÿ?ÿöñ«ñ[ü^^?tú«/SßIŒÿô!ÛÎu_Ûc^^Y­´½/ûãË÷
                                                  Ó/~÷yş<?–Ç—ßMÿôéÿùã¿ıö÷^^?...

The document does not appear to be in UTF-8 encoding.
Try adding \UseRawInputEncoding as the first line of the file
or specify an encoding such as \usepackage [latin1]{inputenc}
in the document preamble.
Alternatively, save the file in UTF-8 using your editor or another tool


./1907.11679v2.pdf:13: LaTeX Error: Invalid UTF-8 byte sequence (Ó/).

See the LaTeX manual or LaTeX Companion for explanation.
Type  H <return>  for immediate help.
 ...                                              
                                                  
l.13 ...?ÿöñ«ñ[ü^^?tú«/SßIŒÿô!ÛÎu_Ûc^^Y­´½/ûãË÷Ó/
                                                  ~÷yş<?–Ç—ßMÿôéÿùã¿ıö÷^^?ş—...

The document does not appear to be in UTF-8 encoding.
Try adding \UseRawInputEncoding as the first line of the file
or specify an encoding such as \usepackage [latin1]{inputenc}
in the document preamble.
Alternatively, save the file in UTF-8 using your editor or another tool


./1907.11679v2.pdf:13: LaTeX Error: Invalid UTF-8 byte "F7.

See the LaTeX manual or LaTeX Companion for explanation.
Type  H <return>  for immediate help.
 ...                                              
                                                  
l.13 ...ÿöñ«ñ[ü^^?tú«/SßIŒÿô!ÛÎu_Ûc^^Y­´½/ûãË÷Ó/~÷
                                                  yş<?–Ç—ßMÿôéÿùã¿ıö÷^^?ş—^^...

The document does not appear to be in UTF-8 encoding.
Try adding \UseRawInputEncoding as the first line of the file
or specify an encoding such as \usepackage [latin1]{inputenc}
in the document preamble.
Alternatively, save the file in UTF-8 using your editor or another tool


./1907.11679v2.pdf:13: LaTeX Error: Invalid UTF-8 byte "FE.

See the LaTeX manual or LaTeX Companion for explanation.
Type  H <return>  for immediate help.
 ...                                              
                                                  
l.13 ...ñ«ñ[ü^^?tú«/SßIŒÿô!ÛÎu_Ûc^^Y­´½/ûãË÷Ó/~÷yş
                                                  <?–Ç—ßMÿôéÿùã¿ıö÷^^?ş—^^?û...

The document does not appear to be in UTF-8 encoding.
Try adding \UseRawInputEncoding as the first line of the file
or specify an encoding such as \usepackage [latin1]{inputenc}
in the document preamble.
Alternatively, save the file in UTF-8 using your editor or another tool


./1907.11679v2.pdf:13: LaTeX Error: Invalid UTF-8 byte "96.

See the LaTeX manual or LaTeX Companion for explanation.
Type  H <return>  for immediate help.
 ...                                              
                                                  
l.13 ...[ü^^?tú«/SßIŒÿô!ÛÎu_Ûc^^Y­´½/ûãË÷Ó/~÷yş<?–
                                                  Ç—ßMÿôéÿùã¿ıö÷^^?ş—^^?ûÓŸ¿...

The document does not appear to be in UTF-8 encoding.
Try adding \UseRawInputEncoding as the first line of the file
or specify an encoding such as \usepackage [latin1]{inputenc}
in the document preamble.
Alternatively, save the file in UTF-8 using your editor or another tool


./1907.11679v2.pdf:13: LaTeX Error: Unicode character Ç— (U+01D7)
               not set up for use with LaTeX.

See the LaTeX manual or LaTeX Companion for explanation.
Type  H <return>  for immediate help.
 ...                                              
                                                  
l.13 ...^^?tú«/SßIŒÿô!ÛÎu_Ûc^^Y­´½/ûãË÷Ó/~÷yş<?–Ç—
                                                  ßMÿôéÿùã¿ıö÷^^?ş—^^?ûÓŸ¿ûÜ...

You may provide a definition with
\DeclareUnicodeCharacter 


./1907.11679v2.pdf:13: LaTeX Error: Invalid UTF-8 byte sequence (ßM).

See the LaTeX manual or LaTeX Companion for explanation.
Type  H <return>  for immediate help.
 ...                                              
                                                  
l.13 ...?tú«/SßIŒÿô!ÛÎu_Ûc^^Y­´½/ûãË÷Ó/~÷yş<?–Ç—ßM
                                                  ÿôéÿùã¿ıö÷^^?ş—^^?ûÓŸ¿ûÜ¶ù...
(That makes 100 errors; please try again.) 
Here is how much of TeX's memory you used:
 50 strings out of 478268
 744 string characters out of 5846347
 289381 words of memory out of 5000000
 18358 multiletter control sequences out of 15000+600000
 469259 words of font info for 28 fonts, out of 8000000 for 9000
 1141 hyphenation exceptions out of 8191
 18i,7n,12p,412b,61s stack positions out of 10000i,1000n,20000p,200000b,200000s

./1907.11679v2.pdf:13:  ==> Fatal error occurred, no output PDF file produced!
